Script started on Thu 28 Jan 2010 02:42:46 PM CST
mhawley@s26049:~/cosc1123$ seu03[K[K[K[K[Kjava seu03
******************************************
Welcome to the 1323 Menu System
Please choose an option
Option
1) Calculator Module
2) Find the Square Root of a number
3) Convert dollar cent amount to minimal coin amount
4) Print Message

9) Exit

Choice:
1
Please enter first number:
2
Please enter the second number (not zero):
4
You entered 2.0 and 4.0
Results:
Quotient is: 0.5
Sum is: 6.0
Product is: 8.0
Difference is: 2.0
mhawley@s26049:~/cosc1123$ java seu03
******************************************
Welcome to the 1323 Menu System
Please choose an option
Option
1) Calculator Module
2) Find the Square Root of a number
3) Convert dollar cent amount to minimal coin amount
4) Print Message

9) Exit

Choice:
1
Please enter first number:
2
Please enter the second number (not zero):
0
You entered 2.0 and 0.0
Results:
Cannot Compute Quotient
Sum is: 2.0
Product is: 0.0
Difference is: -2.0
mhawley@s26049:~/cosc1123$ java seu03
******************************************
Welcome to the 1323 Menu System
Please choose an option
Option
1) Calculator Module
2) Find the Square Root of a number
3) Convert dollar cent amount to minimal coin amount
4) Print Message

9) Exit

Choice:
2
Input Number (Not Negative) for Square Root Module
4
Square root is 2.0
Square Root is exact
mhawley@s26049:~/cosc1123$ se[K[Kjava seu03
******************************************
Welcome to the 1323 Menu System
Please choose an option
Option
1) Calculator Module
2) Find the Square Root of a number
3) Convert dollar cent amount to minimal coin amount
4) Print Message

9) Exit

Choice:
2
Input Number (Not Negative) for Square Root Module
2
Square root is 1.4142135623730951
Square Root is not exact because 1.4142135623730951 squared does not equal 2.0
mhawley@s26049:~/cosc1123$ java seu03
******************************************
Welcome to the 1323 Menu System
Please choose an option
Option
1) Calculator Module
2) Find the Square Root of a number
3) Convert dollar cent amount to minimal coin amount
4) Print Message

9) Exit

Choice:
3
**Stub for Coin Converter**
mhawley@s26049:~/cosc1123$ java seu03
******************************************
Welcome to the 1323 Menu System
Please choose an option
Option
1) Calculator Module
2) Find the Square Root of a number
3) Convert dollar cent amount to minimal coin amount
4) Print Message

9) Exit

Choice:
4
Please Enter Your First Name: 
Mark
Thanks for using our program Mark!! Later
mhawley@s26049:~/cosc1123$ java seu03
******************************************
Welcome to the 1323 Menu System
Please choose an option
Option
1) Calculator Module
2) Find the Square Root of a number
3) Convert dollar cent amount to minimal coin amount
4) Print Message

9) Exit

Choice:
9
Thanks for using the 1323 Menu Program.
mhawley@s26049:~/cosc1123$ java seu03
******************************************
Welcome to the 1323 Menu System
Please choose an option
Option
1) Calculator Module
2) Find the Square Root of a number
3) Convert dollar cent amount to minimal coin amount
4) Print Message

9) Exit

Choice:
5
Invalid Choice, Reload Program and Try Again
mhawley@s26049:~/cosc1123$ java seu04[K3
******************************************
Welcome to the 1323 Menu System
Please choose an option
Option
1) Calculator Module
2) Find the Square Root of a number
3) Convert dollar cent amount to minimal coin amount
4) Print Message

9) Exit

Choice:
a
Exception in thread "main" java.util.InputMismatchException
	at java.util.Scanner.throwFor(Scanner.java:840)
	at java.util.Scanner.next(Scanner.java:1461)
	at java.util.Scanner.nextDouble(Scanner.java:2387)
	at seu03.main(seu03.java:46)
mhawley@s26049:~/cosc1123$ exit
exit

Script done on Thu 28 Jan 2010 02:44:35 PM CST
